// Jest Snapshot v1, https://jestjs.io/docs/snapshot-testing

exports[`particle command help should keep each leaf command's help stable 1`] = `
{
  "find": {
    "exitCode": 0,
    "stderr": [],
    "stdout": [
      "Find the effects drawing with a texture or shader or running an action, and the groups playing an effect",
      "",
      "Usage: xrf-cli particle find [OPTIONS] --path <path> <--texture <texture>|--shader <shader>|--action <action>|--effect <effect>>",
      "",
      "Options:",
      "  -p, --path <path>        Path to the particle library, particles.xr",
      "  -s, --silent             Turn off logging",
      "      --texture <texture>  Texture to find the effects sampling, with or without its extension. Repeat to find several",
      "  -v, --verbose            Turn on verbose logging",
      "      --json               Write the run's JSON report to stdout, moving human output to stderr",
      "      --shader <shader>    Shader to find the effects drawing with, such as particles\\add. Repeat to find several",
      "      --action <action>    Action type to find the effects running, as the unpacked library names it, such as TargetColor. Repeat to find several",
      "      --report <PATH>      Write the run's JSON report to a file",
      "      --effect <effect>    Effect to find the groups playing or spawning it. Repeat to find several",
      "  -h, --help               Print help",
    ],
  },
  "info": {
    "exitCode": 0,
    "stderr": [],
    "stdout": [
      "Command to print information about provided particle file",
      "",
      "Usage: xrf-cli particle info [OPTIONS] --path <path>",
      "",
      "Options:",
      "  -p, --path <path>    Path to the particle library, particles.xr",
      "  -s, --silent         Turn off logging",
      "  -v, --verbose        Turn on verbose logging",
      "      --json           Write the run's JSON report to stdout, moving human output to stderr",
      "      --report <PATH>  Write the run's JSON report to a file",
      "  -h, --help           Print help",
    ],
  },
  "inspect": {
    "exitCode": 0,
    "stderr": [],
    "stdout": [
      "Explain one effect or group: its sprite, frames and actions, or the effects it plays and spawns",
      "",
      "Usage: xrf-cli particle inspect [OPTIONS] --path <path> <name>",
      "",
      "Arguments:",
      "  <name>  Name of the effect or group, in any case and with either slash, such as explosions\\campfire",
      "",
      "Options:",
      "  -p, --path <path>    Path to the particle library, particles.xr",
      "  -s, --silent         Turn off logging",
      "  -v, --verbose        Turn on verbose logging",
      "      --json           Write the run's JSON report to stdout, moving human output to stderr",
      "      --report <PATH>  Write the run's JSON report to a file",
      "  -h, --help           Print help",
    ],
  },
  "list": {
    "exitCode": 0,
    "stderr": [],
    "stdout": [
      "List the effects and groups a particle library holds, with what each draws and plays",
      "",
      "Usage: xrf-cli particle list [OPTIONS] --path <path>",
      "",
      "Options:",
      "  -p, --path <path>    Path to the particle library, particles.xr",
      "  -s, --silent         Turn off logging",
      "      --kind <kind>    List only effects or only groups [possible values: effect, group]",
      "  -v, --verbose        Turn on verbose logging",
      "      --json           Write the run's JSON report to stdout, moving human output to stderr",
      "      --name <name>    List only names containing this text, in any case and with either slash, such as campfire or explosions\\effects",
      "      --report <PATH>  Write the run's JSON report to a file",
      "  -h, --help           Print help",
    ],
  },
  "pack": {
    "exitCode": 0,
    "stderr": [],
    "stdout": [
      "Command to pack unpacked particle files into single particle.xr",
      "",
      "Usage: xrf-cli particle pack [OPTIONS] --path <path>",
      "",
      "Options:",
      "  -p, --path <path>    Path to unpacked particle file folder",
      "  -s, --silent         Turn off logging",
      "  -d, --dest <dest>    Path to resulting packed *.xr file [default: unpacked]",
      "  -v, --verbose        Turn on verbose logging",
      "  -f, --force          Whether existing packed particle should be pruned if destination folder exists",
      "      --json           Write the run's JSON report to stdout, moving human output to stderr",
      "      --report <PATH>  Write the run's JSON report to a file",
      "  -h, --help           Print help",
    ],
  },
  "re-unpack": {
    "exitCode": 0,
    "stderr": [],
    "stdout": [
      "Command to re-unpack provided particle directory into another directory",
      "",
      "Usage: xrf-cli particle re-unpack [OPTIONS] --path <path> --dest <dest>",
      "",
      "Options:",
      "  -p, --path <path>    Path to unpacked particle directory",
      "  -s, --silent         Turn off logging",
      "  -d, --dest <dest>    Path to resulting unpacked particle",
      "  -v, --verbose        Turn on verbose logging",
      "      --json           Write the run's JSON report to stdout, moving human output to stderr",
      "      --report <PATH>  Write the run's JSON report to a file",
      "  -h, --help           Print help",
    ],
  },
  "repack": {
    "exitCode": 0,
    "stderr": [],
    "stdout": [
      "Command to repack provided particle.xr into another file",
      "",
      "Usage: xrf-cli particle repack [OPTIONS] --path <path> --dest <dest>",
      "",
      "Options:",
      "  -p, --path <path>    Path to particle file",
      "  -s, --silent         Turn off logging",
      "  -d, --dest <dest>    Path to resulting particle file",
      "  -v, --verbose        Turn on verbose logging",
      "      --json           Write the run's JSON report to stdout, moving human output to stderr",
      "      --report <PATH>  Write the run's JSON report to a file",
      "  -h, --help           Print help",
    ],
  },
  "unpack": {
    "exitCode": 0,
    "stderr": [],
    "stdout": [
      "Command to unpack provided particle.xr into separate files",
      "",
      "Usage: xrf-cli particle unpack [OPTIONS] --path <path>",
      "",
      "Options:",
      "  -p, --path <path>    Path to particle.xr file",
      "  -s, --silent         Turn off logging",
      "  -d, --dest <dest>    Path to folder for exporting [default: unpacked]",
      "  -v, --verbose        Turn on verbose logging",
      "  -f, --force          Whether existing unpacked data should be pruned if destination folder exists",
      "      --json           Write the run's JSON report to stdout, moving human output to stderr",
      "      --report <PATH>  Write the run's JSON report to a file",
      "  -h, --help           Print help",
    ],
  },
  "verify": {
    "exitCode": 0,
    "stderr": [],
    "stdout": [
      "Command to verify provided particle file",
      "",
      "Usage: xrf-cli particle verify [OPTIONS] --path <path>",
      "",
      "Options:",
      "  -p, --path <path>    Path to particle.xr file",
      "  -s, --silent         Turn off logging",
      "  -u, --unpacked       Whether should verify unpacked particle",
      "  -v, --verbose        Turn on verbose logging",
      "      --json           Write the run's JSON report to stdout, moving human output to stderr",
      "      --report <PATH>  Write the run's JSON report to a file",
      "  -h, --help           Print help",
    ],
  },
}
`;
