// Jest Snapshot v1, https://jestjs.io/docs/snapshot-testing

exports[`archive command help should keep each leaf command's help stable 1`] = `
{
  "extract": {
    "exitCode": 0,
    "stderr": [],
    "stdout": [
      "Extract one archive file or directory without unpacking the complete set",
      "",
      "Usage: xrf-cli archive extract [OPTIONS] --path <path> --dest <dest>",
      "",
      "Options:",
      "  -p, --path <path>            Path to an archive volume or a directory containing volumes",
      "  -s, --silent                 Turn off logging",
      "      --file <file>            Exact logical path of one archive file; --dest is the output file",
      "  -v, --verbose                Turn on verbose logging",
      "      --directory <directory>  Logical directory to extract; --dest receives that directory's contents",
      "      --json                   Write the run's JSON report to stdout, moving human output to stderr",
      "  -d, --dest <dest>            Output file for --file, or output directory for --directory",
      "      --report <PATH>          Write the run's JSON report to a file",
      "  -h, --help                   Print help",
    ],
  },
  "find": {
    "exitCode": 0,
    "stderr": [],
    "stdout": [
      "Find archive entries whose logical path contains text",
      "",
      "Usage: xrf-cli archive find [OPTIONS] --path <path> --query <query>",
      "",
      "Options:",
      "  -p, --path <path>    Path to an archive volume or a directory containing volumes",
      "  -s, --silent         Turn off logging",
      "  -q, --query <query>  Case-insensitive text to find in an entry's logical path",
      "  -v, --verbose        Turn on verbose logging",
      "      --files          Search files only, excluding directory records",
      "      --json           Write the run's JSON report to stdout, moving human output to stderr",
      "      --directories    Search directory records only, excluding files",
      "      --report <PATH>  Write the run's JSON report to a file",
      "  -h, --help           Print help",
    ],
  },
  "info": {
    "exitCode": 0,
    "stderr": [],
    "stdout": [
      "Describe an X-Ray archive volume or volume set",
      "",
      "Usage: xrf-cli archive info [OPTIONS] --path <path>",
      "",
      "Options:",
      "  -p, --path <path>    Path to an archive volume or a directory containing volumes",
      "  -s, --silent         Turn off logging",
      "  -v, --verbose        Turn on verbose logging",
      "      --json           Write the run's JSON report to stdout, moving human output to stderr",
      "      --report <PATH>  Write the run's JSON report to a file",
      "  -h, --help           Print help",
    ],
  },
  "list": {
    "exitCode": 0,
    "stderr": [],
    "stdout": [
      "List the merged entries in an X-Ray archive volume or volume set",
      "",
      "Usage: xrf-cli archive list [OPTIONS] --path <path>",
      "",
      "Options:",
      "  -p, --path <path>    Path to an archive volume or a directory containing volumes",
      "  -s, --silent         Turn off logging",
      "      --files          List files only, excluding directory records",
      "  -v, --verbose        Turn on verbose logging",
      "      --directories    List directory records only, excluding files",
      "      --json           Write the run's JSON report to stdout, moving human output to stderr",
      "      --report <PATH>  Write the run's JSON report to a file",
      "  -h, --help           Print help",
    ],
  },
  "pack": {
    "exitCode": 0,
    "stderr": [],
    "stdout": [
      "Command to pack provided directory into *.db archive volumes",
      "",
      "Usage: xrf-cli archive pack [OPTIONS] --path <path>",
      "",
      "Options:",
      "  -p, --path <path>",
      "          Path to the directory to pack, normally a gamedata root",
      "  -s, --silent",
      "          Turn off logging",
      "  -d, --dest <dest>",
      "          Path to folder for writing the volumes [default: packed]",
      "  -v, --verbose",
      "          Turn on verbose logging",
      "      --json",
      "          Write the run's JSON report to stdout, moving human output to stderr",
      "  -n, --name <name>",
      "          Base name of the volumes, written as <name>.db0, <name>.db1 and so on [default: gamedata]",
      "      --config <config>",
      "          Path to a packing configuration describing what to include, as *.ltx or *.json",
      "      --report <PATH>",
      "          Write the run's JSON report to a file",
      "      --include-file <include-file>",
      "          File to pack, named relative to --path, repeatable",
      "      --include-directory <include-directory>",
      "          Directory to pack with everything below it, relative to --path, repeatable",
      "      --include-directory-shallow <include-directory-shallow>",
      "          Directory whose own files are packed while its subdirectories only get listed, repeatable",
      "      --exclude-directory <exclude-directory>",
      "          Directory to leave out along with everything below it, repeatable",
      "      --exclude-directory-shallow <exclude-directory-shallow>",
      "          Directory to leave out while its contents still pack, repeatable",
      "      --exclude-extension <exclude-extension>",
      "          Extension pattern that keeps a file out, such as *.txt, repeatable",
      "      --header <header>",
      "          Header entry written into the archive as <key>=<value>, repeatable, replacing the default header",
      "      --store",
      "          Store every file instead of compressing what the engine expects compressed",
      "      --max-size <max-size>",
      "          Maximum volume size in megabytes, from 1 to 1900",
      "      --oversized-volumes",
      "          Let --max-size exceed 1900 MB, which only an engine fork that raised XRP_MAX_SIZE can mount",
      "      --xdb",
      "          Write volumes with the xdb extension",
      "      --no-skip-list",
      "          Keep editor and source leftovers the engine build normally drops",
      "  -f, --force",
      "          Replace volumes of the same set the destination already holds",
      "  -h, --help",
      "          Print help",
    ],
  },
  "unpack": {
    "exitCode": 0,
    "stderr": [],
    "stdout": [
      "Command to unpack provided *.db into separate files",
      "",
      "Usage: xrf-cli archive unpack [OPTIONS] --path <path>",
      "",
      "Options:",
      "  -p, --path <path>    Path to *.db file",
      "  -s, --silent         Turn off logging",
      "  -d, --dest <dest>    Path to folder for exporting [default: unpacked]",
      "  -v, --verbose        Turn on verbose logging",
      "      --dry            Run in dry mode without actually unpacking to disk",
      "      --json           Write the run's JSON report to stdout, moving human output to stderr",
      "  -j, --jobs <JOBS>    How much of the machine to use: 'auto', a worker count, or a share such as '50%' [default: auto]",
      "      --report <PATH>  Write the run's JSON report to a file",
      "  -h, --help           Print help",
    ],
  },
  "verify": {
    "exitCode": 0,
    "stderr": [],
    "stdout": [
      "Read every archive payload and verify decompression and CRC checks",
      "",
      "Usage: xrf-cli archive verify [OPTIONS] --path <path>",
      "",
      "Options:",
      "  -p, --path <path>    Path to an archive volume or a directory containing volumes",
      "  -s, --silent         Turn off logging",
      "  -v, --verbose        Turn on verbose logging",
      "      --json           Write the run's JSON report to stdout, moving human output to stderr",
      "      --report <PATH>  Write the run's JSON report to a file",
      "  -h, --help           Print help",
    ],
  },
}
`;
