// Jest Snapshot v1, https://jestjs.io/docs/snapshot-testing

exports[`archive list should list directory records 1`] = `
{
  "exitCode": 0,
  "stderr": [],
  "stdout": [
    "gameplay\\",
    "misc\\",
    "text\\",
    "text\\eng\\",
    "text\\ukr\\",
    "ui\\",
    "ui\\textures_descr\\",
    "Listed 7 entries in <duration>",
  ],
}
`;

exports[`archive list should list logical files 1`] = `
{
  "exitCode": 0,
  "stderr": [],
  "stdout": [
    "alife.ltx",
    "defines.ltx",
    "evaluation.ltx",
    "fonts.ltx",
    "game.ltx",
    "gameplay\\dialogs.xml",
    "gameplay\\dialogs_zaton.xml",
    "misc\\inventory_icons.ltx",
    "system.ltx",
    "text\\eng\\st_items.xml",
    "text\\eng\\st_ui.xml",
    "text\\ukr\\st_items.xml",
    "text\\ukr\\st_ui.xml",
    "ui\\textures_descr\\ui_test_sheet.xml",
    "Listed 14 entries in <duration>",
  ],
}
`;

exports[`archive list should write the expected files 1`] = `
[
  {
    "path": "packed/fixture.db",
    "sha256": "bd5e46067436b520a9f801d177a7204c8834e7a60185a8aff4af226d32ae038c",
    "size": 5491,
  },
]
`;
