// Jest Snapshot v1, https://jestjs.io/docs/snapshot-testing

exports[`archive verify should read and validate every payload 1`] = `
{
  "exitCode": 0,
  "stderr": [],
  "stdout": [
    "Verified 10 file(s) in <duration>",
  ],
}
`;

exports[`archive verify should write the expected files 1`] = `
[
  {
    "path": "packed/fixture.db",
    "sha256": "e9d0d24181f4f0536e7668b55ad730c7247badd9f07cd8fa04642b927d191ba8",
    "size": 4872,
  },
]
`;
