// Jest Snapshot v1, https://jestjs.io/docs/snapshot-testing

exports[`archive verify should read and validate every payload 1`] = `
{
  "exitCode": 0,
  "stderr": [],
  "stdout": [
    "Verified 14 file(s) in <duration>",
  ],
}
`;

exports[`archive verify should write the expected files 1`] = `
[
  {
    "path": "packed/fixture.db",
    "sha256": "bd5e46067436b520a9f801d177a7204c8834e7a60185a8aff4af226d32ae038c",
    "size": 5491,
  },
]
`;
