// Jest Snapshot v1, https://jestjs.io/docs/snapshot-testing

exports[`spawn repack should repack in one step 1`] = `
{
  "exitCode": 0,
  "stderr": [],
  "stdout": [],
}
`;

exports[`spawn repack should report the second pass the same way 1`] = `
{
  "exitCode": 0,
  "stderr": [],
  "stdout": [],
}
`;

exports[`spawn repack should write the expected files 1`] = `
[
  {
    "path": "repacked.spawn",
    "sha256": "273c85c97dcf2a9351d81e389a483ab0bad207314ec3a05c081fe2caf3916105",
    "size": 1053148,
  },
  {
    "path": "twice.spawn",
    "sha256": "273c85c97dcf2a9351d81e389a483ab0bad207314ec3a05c081fe2caf3916105",
    "size": 1053148,
  },
]
`;
