// Jest Snapshot v1, https://jestjs.io/docs/snapshot-testing

exports[`ogf fix destination should name the discarded reference before writing 1`] = `
{
  "exitCode": 0,
  "stderr": [
    "Discarding uncounted motion reference 'actors\\stalker_scenario_animation' from <resources>/gamedata/meshes/ogf/residue_split_motion_ref.ogf",
  ],
  "stdout": [
    "Workers: <workers> (auto)",
    "Fixing ogf visual <resources>/gamedata/meshes/ogf/residue_split_motion_ref.ogf",
    "Normalize <resources>/gamedata/meshes/ogf/residue_split_motion_ref.ogf: 34 bytes the engine never reads",
    "Ogf visual written into <sandbox>/fixed.ogf",
    "Normalized 1 of 1 visual(s), 34 bytes discarded, 0 unchanged, 0 failed",
  ],
}
`;

exports[`ogf fix destination should read back the same references with no residue 1`] = `
{
  "exitCode": 0,
  "stderr": [],
  "stdout": [
    "Read ogf file <sandbox>/fixed.ogf",
    "Ogf file information",
    "Version: 4, model_type: 3, shader_id: 0, OgfBox { min: Vector3d { x: 0.0, y: 0.0, z: 0.0 }, max: Vector3d { x: 1.0, y: 1.0, z: 1.0 } } - OgfSphere { position: Vector3d { x: 0.0, y: 0.0, z: 0.0 }, radius: 1.0 }",
    "Boundaries box: OgfBox { min: Vector3d { x: 0.0, y: 0.0, z: 0.0 }, max: Vector3d { x: 1.0, y: 1.0, z: 1.0 } }",
    "Boundaries sphere: OgfSphere { position: Vector3d { x: 0.0, y: 0.0, z: 0.0 }, radius: 1.0 }",
    "Motion refs: ["actors\\\\stalker_animation", "actors\\\\stalker_scripts_animation", "actors\\\\zombied_animation", "actors\\\\stalker_smart_cover_animation", "omf\\\\wpn_mp5_hud_animation"]",
  ],
}
`;

exports[`ogf fix destination should report the normalized visual 1`] = `
{
  "build": {
    "builtAt": "<build>",
    "commit": "<build>",
    "isDirty": "<build>",
    "kind": "<build>",
    "optimization": "<build>",
    "profile": "<build>",
    "reference": "<build>",
    "runId": "<build>",
    "rustc": "<build>",
    "target": "<build>",
    "version": "<build>",
  },
  "command": [
    "ogf",
    "fix",
  ],
  "duration": "<duration>",
  "error": null,
  "execution": {
    "origin": "auto",
    "workers": "<workers>",
  },
  "exitCode": 0,
  "outcome": "success",
  "result": {
    "checked": 1,
    "discardedSize": 34,
    "failed": 0,
    "files": [
      {
        "cause": "split-motion-ref",
        "destination": "<sandbox>/fixed.ogf",
        "discardedReference": "actors\\stalker_scenario_animation",
        "discardedSize": 34,
        "isWritten": true,
        "normalizedSize": 210,
        "originalSize": 244,
        "source": "<resources>/gamedata/meshes/ogf/residue_split_motion_ref.ogf",
      },
    ],
    "findings": [],
    "isDryRun": false,
    "normalized": 1,
    "unchanged": 0,
  },
}
`;

exports[`ogf fix destination should write only the destination, in-place copy and reports 1`] = `
[
  {
    "path": "fixed-info.json",
    "sha256": "60a13ba7820b87f57a47a5b541b327c17096bc9d074c56788d044d9e34c58e08",
    "size": 1195,
  },
  {
    "path": "fixed.json",
    "sha256": "7c7a0083e53a72843bc0ff476f60ed3ae02bb414708d44a7bfd8f81d1c727a6c",
    "size": 1049,
  },
  {
    "path": "fixed.ogf",
    "sha256": "433033159f338d374cd6f3db373f26327432ef6b4db8accac92fb6bbab0b5fb0",
    "size": 210,
  },
  {
    "path": "in-place.ogf",
    "sha256": "433033159f338d374cd6f3db373f26327432ef6b4db8accac92fb6bbab0b5fb0",
    "size": 210,
  },
  {
    "path": "source.json",
    "sha256": "df0afab3543fd70d8b43e392c9242c5df51f4294c656c009b364b0c8ffa80e65",
    "size": 1339,
  },
]
`;
