// Jest Snapshot v1, https://jestjs.io/docs/snapshot-testing

exports[`sprite command help should keep each leaf command's help stable 1`] = `
{
  "pack-description": {
    "exitCode": 0,
    "stderr": [],
    "stdout": [
      "Command to pack the sprites a texture description xml declares",
      "",
      "Usage: xrf-cli sprite pack-description [OPTIONS] --description <description> --base <base>",
      "",
      "Options:",
      "      --description <description>  Path to XML file describing textures",
      "  -s, --silent                     Turn off logging",
      "      --base <base>                Path to base where search for described files",
      "  -v, --verbose                    Turn on verbose logging",
      "      --json                       Write the run's JSON report to stdout, moving human output to stderr",
      "      --output <output>            Path to directory where output dds files",
      "      --file <file>                Name of a described file to pack, repeatable; packs every described file if omitted",
      "      --report <PATH>              Write the run's JSON report to a file",
      "      --strict                     Turn on strict unpack mode",
      "  -h, --help                       Print help",
    ],
  },
  "pack-equipment": {
    "exitCode": 0,
    "stderr": [],
    "stdout": [
      "Command to pack an equipment sprite from separate icon files",
      "",
      "Usage: xrf-cli sprite pack-equipment [OPTIONS] --system-ltx <system-ltx> --source <source> --output <output>",
      "",
      "Options:",
      "  -s, --silent                   Turn off logging",
      "      --system-ltx <system-ltx>  Path to system ltx file or root folder with ltx files",
      "      --source <source>          Path to source folder with section icons",
      "  -v, --verbose                  Turn on verbose logging",
      "      --json                     Write the run's JSON report to stdout, moving human output to stderr",
      "      --output <output>          Path to output dds file",
      "      --gamedata <gamedata>      Path to gamedata folder for resources usage",
      "      --report <PATH>            Write the run's JSON report to a file",
      "      --strict                   Turn on strict mode",
      "  -h, --help                     Print help",
    ],
  },
  "unpack-description": {
    "exitCode": 0,
    "stderr": [],
    "stdout": [
      "Command to unpack the sprites a texture description xml declares",
      "",
      "Usage: xrf-cli sprite unpack-description [OPTIONS] --description <description> --base <base>",
      "",
      "Options:",
      "      --description <description>  Path to XML file describing textures",
      "  -s, --silent                     Turn off logging",
      "      --base <base>                Path to base where search for described files",
      "  -v, --verbose                    Turn on verbose logging",
      "      --json                       Write the run's JSON report to stdout, moving human output to stderr",
      "      --output <output>            Path to output folder for icons",
      "      --file <file>                Name of a described file to unpack, repeatable; unpacks every described file if omitted",
      "      --report <PATH>              Write the run's JSON report to a file",
      "      --strict                     Turn on strict unpack mode",
      "  -j, --jobs <JOBS>                How much of the machine to use: 'auto', a worker count, or a share such as '50%' [default: auto]",
      "  -h, --help                       Print help",
    ],
  },
  "unpack-equipment": {
    "exitCode": 0,
    "stderr": [],
    "stdout": [
      "Command to unpack separate icon files out of an equipment sprite",
      "",
      "Usage: xrf-cli sprite unpack-equipment [OPTIONS] --system-ltx <system-ltx> --source <source> --output <output>",
      "",
      "Options:",
      "  -s, --silent                   Turn off logging",
      "      --system-ltx <system-ltx>  Path to system ltx file or root folder with ltx files",
      "      --source <source>          Path to source dds file",
      "  -v, --verbose                  Turn on verbose logging",
      "      --json                     Write the run's JSON report to stdout, moving human output to stderr",
      "      --output <output>          Path to output folder for sections icons",
      "      --report <PATH>            Write the run's JSON report to a file",
      "  -h, --help                     Print help",
    ],
  },
  "verify-equipment": {
    "exitCode": 0,
    "stderr": [],
    "stdout": [
      "Command to check an equipment sprite's inventory icon grid rects for overlaps",
      "",
      "Usage: xrf-cli sprite verify-equipment [OPTIONS] --system-ltx <system-ltx>",
      "",
      "Options:",
      "  -s, --silent                   Turn off logging",
      "      --system-ltx <system-ltx>  Path to system ltx file or root folder with ltx files",
      "  -v, --verbose                  Turn on verbose logging",
      "      --json                     Write the run's JSON report to stdout, moving human output to stderr",
      "      --report <PATH>            Write the run's JSON report to a file",
      "  -h, --help                     Print help",
    ],
  },
}
`;
