// Jest Snapshot v1, https://jestjs.io/docs/snapshot-testing

exports[`gamedata verify particle libraries should record the report as a readable document 1`] = `
{
  "build": {
    "builtAt": "<build>",
    "commit": "<build>",
    "isDirty": "<build>",
    "kind": "<build>",
    "optimization": "<build>",
    "profile": "<build>",
    "reference": "<build>",
    "runId": "<build>",
    "rustc": "<build>",
    "target": "<build>",
    "version": "<build>",
  },
  "command": [
    "gamedata",
    "verify",
  ],
  "duration": "<duration>",
  "error": "Check failed: 1 finding(s)",
  "execution": {
    "origin": "auto",
    "workers": "<workers>",
  },
  "exitCode": 3,
  "outcome": "checkFailed",
  "result": {
    "cache": {
      "bytes": 0,
      "entries": 1,
      "hits": 0,
      "misses": 2,
      "refused": 0,
    },
    "checks": [
      {
        "duration": "<duration>",
        "findings": [],
        "status": "skipped",
        "summary": "Every declared source opened",
        "verificationType": "coverage",
      },
      {
        "duration": "<duration>",
        "findings": [],
        "status": "skipped",
        "summary": "No unreachable files",
        "verificationType": "collisions",
      },
      {
        "duration": "<duration>",
        "findings": [
          {
            "assetPath": "particles.xr",
            "message": "Failed to read particle library: Invalid error: Chunk 0x00000003 at position 18 declares 1088704 bytes, 482 remain before source end 500",
            "ruleId": "particles.library",
          },
        ],
        "status": "failed",
        "summary": "0/1 particle library files valid",
        "verificationType": "particles",
      },
    ],
    "duration": "<duration>",
    "skippedMounts": [],
    "status": "failed",
  },
}
`;

exports[`gamedata verify particle libraries should write the expected report and files 1`] = `
[
  {
    "path": "gamedata/configs/system.ltx",
    "sha256": "e3b0c44298fc1c149afbf4c8996fb92427ae41e4649b934ca495991b7852b855",
    "size": 0,
  },
  {
    "path": "gamedata/particles.xr",
    "sha256": "47bf2c694e97c13ff1ac3a2fe9e165504c6fb4a4bfd04bcef3c56aad853b0ba8",
    "size": 500,
  },
  {
    "path": "report.json",
    "sha256": "78db28144589b586018dd226055272b66a36aa585a41825c86d33b27117ac934",
    "size": 1630,
  },
]
`;
