// Jest Snapshot v1, https://jestjs.io/docs/snapshot-testing

exports[`gamedata verify empty check report should report one check as a readable document 1`] = `
{
  "build": {
    "builtAt": "<build>",
    "commit": "<build>",
    "isDirty": "<build>",
    "kind": "<build>",
    "optimization": "<build>",
    "profile": "<build>",
    "reference": "<build>",
    "runId": "<build>",
    "rustc": "<build>",
    "target": "<build>",
    "version": "<build>",
  },
  "command": [
    "gamedata",
    "verify",
  ],
  "duration": "<duration>",
  "error": null,
  "execution": {
    "origin": "auto",
    "workers": "<workers>",
  },
  "exitCode": 0,
  "outcome": "success",
  "result": {
    "cache": {
      "bytes": 8535,
      "entries": 7,
      "hits": 0,
      "misses": 7,
      "refused": 0,
    },
    "checks": [
      {
        "duration": "<duration>",
        "findings": [],
        "status": "skipped",
        "summary": "Every declared source opened",
        "verificationType": "coverage",
      },
      {
        "duration": "<duration>",
        "findings": [],
        "status": "skipped",
        "summary": "No unreachable files",
        "verificationType": "collisions",
      },
      {
        "duration": "<duration>",
        "findings": [],
        "status": "passed",
        "summary": "0/0 scripts valid",
        "verificationType": "scripts",
      },
    ],
    "duration": "<duration>",
    "skippedMounts": [],
    "status": "passed",
  },
}
`;

exports[`gamedata verify empty check report should write only the report 1`] = `
[
  {
    "path": "scripts.json",
    "sha256": "6a0b3d192fb572c18eeb947db5607318231ffe2db5e55da78f1ad15efb606e20",
    "size": 1309,
  },
]
`;
