// Jest Snapshot v1, https://jestjs.io/docs/snapshot-testing

exports[`parse-dialog over an installation should sweep an installation across both mounts 1`] = `
{
  "exitCode": 0,
  "stderr": [],
  "stdout": [
    "Reading dialogs in <sandbox>/install (ContainingInstallation)",
    "Swept 2 files in <duration>, 0 unreadable, 1 archived",
    "Dialogs: 4 total, 1 with no phrases, 1 with a priority",
    "Phrases: 8 total, 5 links, 3 final, 1 without text, 0 outside a phrase list",
    "Largest dialog: zat_test_trader_start with 4 phrases",
    "Encodings: UTF-8: 1, windows-1251: 1",
    "Dialog elements: dont_has_info: 1, has_info: 1, init_func: 1, precondition: 1",
    "Phrase elements: action: 1, disable_info: 1, give_info: 1, go_back: 1, has_info: 1, is_final: 3, next: 5, script_text: 1, text: 7",
    "Check 'dialog.schema' is failed with 1 findings",
    "  [dialog.unknown-element] configs\\gameplay\\dialogs_zaton.xml: zat_b30_test_owl_about_stash#1: unknown element 'go_back'",
    "Read 2 files, status: failed",
  ],
}
`;

exports[`parse-dialog over an installation should write only the archive it packed 1`] = `
[
  {
    "path": "install/database/gamedata.db",
    "sha256": "568122a7cfcc3d83da58f98ea762e4b54b2b8298f645ee6f1df7b89bb6f3e7ac",
    "size": 647,
  },
  {
    "path": "install/fsgame.ltx",
    "sha256": "4b7138c7180f66c160bf06a5f0b73927f1484d316b0558be67405307bda0875e",
    "size": 122,
  },
  {
    "path": "install/gamedata/configs/gameplay/dialogs_zaton.xml",
    "sha256": "aaaaff52afc3c50a3907ba992d7b73f69e90146421385d22f07d363131e474b9",
    "size": 548,
  },
  {
    "path": "stage/configs/gameplay/dialogs.xml",
    "sha256": "6583bab4e036cca053ce8c820639a39b80dc7bae71d4adba54d5ee2d865cc5b4",
    "size": 1670,
  },
]
`;
