// Jest Snapshot v1, https://jestjs.io/docs/snapshot-testing

exports[`ltx verify report should report the coverage a verification reached 1`] = `
{
  "build": {
    "builtAt": "<build>",
    "commit": "<build>",
    "isDirty": "<build>",
    "kind": "<build>",
    "optimization": "<build>",
    "profile": "<build>",
    "reference": "<build>",
    "runId": "<build>",
    "rustc": "<build>",
    "target": "<build>",
    "version": "<build>",
  },
  "command": [
    "ltx",
    "verify",
  ],
  "duration": "<duration>",
  "error": null,
  "execution": {
    "origin": "auto",
    "workers": "<workers>",
  },
  "exitCode": 0,
  "outcome": "success",
  "result": {
    "checkedFields": 0,
    "checkedSections": 0,
    "duration": "<duration>",
    "errors": [],
    "invalidSections": 0,
    "outcome": "completed",
    "skippedSections": 32,
    "startupDuration": "<duration>",
    "totalFiles": 2,
    "totalSections": 32,
    "validSections": 0,
  },
}
`;
