// Jest Snapshot v1, https://jestjs.io/docs/snapshot-testing

exports[`parse-translation should currently do nothing 1`] = `
{
  "exitCode": 0,
  "stderr": [],
  "stdout": [],
}
`;

exports[`parse-translation should leave the sources untouched 1`] = `
[
  {
    "path": "translations/st_items.json",
    "sha256": "2f2c8f9384c61222c2a6e0ba4888ab57ebbd1a3c8011ee8ef6aecd65c6c83bbf",
    "size": 146,
  },
  {
    "path": "translations/st_shared.xml",
    "sha256": "6f6a8ad26c80dcb9ea7d65263f3cfd148ec6f65806b85aeb0b504697de00fa6e",
    "size": 144,
  },
  {
    "path": "translations/st_ui.eng.xml",
    "sha256": "0c255423896df871d95248f74dc35a2a1deed5ffc0d192614a3b9cdc0f02ef14",
    "size": 147,
  },
  {
    "path": "translations/st_ui.rus.xml",
    "sha256": "8db1cd4d626e2b472c3a2f6a7dda2d918d2e9cf85797d2e78140681787d02a44",
    "size": 148,
  },
]
`;
