// Jest Snapshot v1, https://jestjs.io/docs/snapshot-testing

exports[`verify-gamedata strict mode should reach the same conclusion under strict 1`] = `
{
  "exitCode": 1,
  "stderr": [
    "",
    "  - [meshes] <resources>/gamedata/meshes/ogf/dev_bolt_hud.ogf: Mesh references missing motion 'dynamics\\devices\\dev_bolt\\dev_bolt_hud_animation'",
    "  - [meshes] <resources>/gamedata/meshes/ogf/dev_bolt_hud.ogf: Mesh references missing texture 'wpn\\wpn_bolt'",
    "  - [meshes] <resources>/gamedata/meshes/ogf/notes_paper_1.ogf: Mesh references missing texture 'item\\item_notes'",
    "  - [meshes] <resources>/gamedata/meshes/ogf/part_none.ogf: Mesh references missing texture 'glow\\glow_ghost'",
    "  - [meshes] <resources>/gamedata/meshes/ogf/wpn_pm_lod.ogf: Mesh references missing texture 'wpn\\wpn_pm'",
    "- 1/1 shader libraries valid, 205 blender definitions; 0/4 meshes valid",
    "Cannot read OGF texture: glow\\glow_ghost",
    "Cannot read OGF texture: item\\item_notes",
    "Cannot read OGF texture: wpn\\wpn_bolt",
    "Cannot read OGF texture: wpn\\wpn_pm",
    "Gamedata project checked in <duration>",
    "Mesh is not valid: <resources>/gamedata/meshes/ogf/dev_bolt_hud.ogf",
    "Mesh is not valid: <resources>/gamedata/meshes/ogf/notes_paper_1.ogf",
    "Mesh is not valid: <resources>/gamedata/meshes/ogf/part_none.ogf",
    "Mesh is not valid: <resources>/gamedata/meshes/ogf/wpn_pm_lod.ogf",
    "Mesh motion refs not found by path: dynamics\\devices\\dev_bolt\\dev_bolt_hud_animation",
    "Project gamedata is invalid",
  ],
  "stdout": [
    "",
    "  -meshes",
    "Opening gamedata project",
    "Root: <resources>/gamedata, ignored: [.git, .idea, particles_unpacked, textures_unpacked, .gitignore, .gitattributes, README.md, LICENSE]",
    "Verified gamedata meshes in <duration>, 1/1 shader libraries valid, 205 blender definitions; 0/4 meshes valid",
    "Verify meshes:",
    "Verifying gamedata project: <resources>/gamedata",
    "Verifying modules:",
  ],
}
`;

exports[`verify-gamedata strict mode should write nothing 1`] = `[]`;
