// Jest Snapshot v1, https://jestjs.io/docs/snapshot-testing

exports[`ltx command help should keep each leaf command's help stable 1`] = `
{
  "format": {
    "exitCode": 0,
    "stderr": [],
    "stdout": [
      "Command to format ltx and ini files",
      "",
      "Usage: xrf-cli ltx format [OPTIONS] --path <path>...",
      "",
      "Options:",
      "  -p, --path <path>...  Paths to ltx files or folders with ltx files",
      "  -s, --silent          Turn off logging",
      "  -c, --check           Run formatter in check mode",
      "  -v, --verbose         Turn on verbose logging",
      "      --json            Write the run's JSON report to stdout, moving human output to stderr",
      "      --report <PATH>   Write the run's JSON report to a file",
      "  -h, --help            Print help",
    ],
  },
  "inspect": {
    "exitCode": 0,
    "stderr": [],
    "stdout": [
      "Explain one resolved section: its fields, and where each value is written",
      "",
      "Usage: xrf-cli ltx inspect [OPTIONS] --path <path> <section>",
      "",
      "Arguments:",
      "  <section>  Name of the section to explain, without its brackets",
      "",
      "Options:",
      "  -p, --path <path>    Path to a folder with ltx files, or to a game installation root holding fsgame.ltx",
      "  -s, --silent         Turn off logging",
      "  -e, --entry <entry>  Entry point to resolve, when more than one declares the section",
      "  -v, --verbose        Turn on verbose logging",
      "      --dltx           Resolve configs with the Monolith/Anomaly DLTX patch dialect, applying mod_<base>_*.ltx files",
      "      --json           Write the run's JSON report to stdout, moving human output to stderr",
      "      --report <PATH>  Write the run's JSON report to a file",
      "  -h, --help           Print help",
    ],
  },
  "list": {
    "exitCode": 0,
    "stderr": [],
    "stdout": [
      "List the LTX configs a project holds, and the role each one plays",
      "",
      "Usage: xrf-cli ltx list [OPTIONS] --path <path>",
      "",
      "Options:",
      "  -p, --path <path>    Path to a folder with ltx files, or to a game installation root holding fsgame.ltx",
      "  -s, --silent         Turn off logging",
      "      --dltx           Resolve configs with the Monolith/Anomaly DLTX patch dialect, applying mod_<base>_*.ltx files",
      "  -v, --verbose        Turn on verbose logging",
      "      --json           Write the run's JSON report to stdout, moving human output to stderr",
      "      --report <PATH>  Write the run's JSON report to a file",
      "  -h, --help           Print help",
    ],
  },
  "verify": {
    "exitCode": 0,
    "stderr": [],
    "stdout": [
      "Command for verification of ltx and ini files",
      "",
      "Usage: xrf-cli ltx verify [OPTIONS] --path <path>",
      "",
      "Options:",
      "  -p, --path <path>    Path to a folder with ltx files, or to a game installation root holding fsgame.ltx",
      "  -s, --silent         Turn off logging",
      "      --dltx           Resolve configs with the Monolith/Anomaly DLTX patch dialect, applying mod_<base>_*.ltx files",
      "  -v, --verbose        Turn on verbose logging",
      "      --json           Write the run's JSON report to stdout, moving human output to stderr",
      "      --report <PATH>  Write the run's JSON report to a file",
      "  -h, --help           Print help",
    ],
  },
}
`;
