// Jest Snapshot v1, https://jestjs.io/docs/snapshot-testing

exports[`omf command help should keep each leaf command's help stable 1`] = `
{
  "duplicate-motion": {
    "exitCode": 0,
    "stderr": [],
    "stdout": [
      "Command to copy a motion of provided omf file under a new name",
      "",
      "Usage: xrf-cli omf duplicate-motion [OPTIONS] --path <path> --from <from> --to <to>",
      "",
      "Options:",
      "  -p, --path <path>    Path to omf file",
      "  -s, --silent         Turn off logging",
      "  -d, --dest <dest>    Path to resulting omf file, defaults to in place rewrite of the source file",
      "  -v, --verbose        Turn on verbose logging",
      "      --from <from>    Motion to copy, matched exactly",
      "      --json           Write the run's JSON report to stdout, moving human output to stderr",
      "      --report <PATH>  Write the run's JSON report to a file",
      "      --to <to>        Name to give the copy",
      "      --play-once      Clear looping on the copy so it plays once and ends",
      "  -h, --help           Print help",
    ],
  },
  "filter-motions": {
    "exitCode": 0,
    "stderr": [],
    "stdout": [
      "Command to keep only selected motions of provided omf file",
      "",
      "Usage: xrf-cli omf filter-motions [OPTIONS] --path <path> --dest <dest>",
      "",
      "Options:",
      "  -p, --path <path>                   Path to omf file",
      "  -s, --silent                        Turn off logging",
      "  -d, --dest <dest>                   Path to resulting omf file",
      "  -v, --verbose                       Turn on verbose logging",
      "      --json                          Write the run's JSON report to stdout, moving human output to stderr",
      "  -k, --keep <keep>...                Exact motion names to keep",
      "      --keep-prefix <keep-prefix>...  Keep motions whose name starts with provided prefix",
      "      --report <PATH>                 Write the run's JSON report to a file",
      "      --dry-run                       Validate the change and report the result without writing any file",
      "  -h, --help                          Print help",
    ],
  },
  "info": {
    "exitCode": 0,
    "stderr": [],
    "stdout": [
      "Command to print information about provided omf file",
      "",
      "Usage: xrf-cli omf info [OPTIONS] --path <path>",
      "",
      "Options:",
      "  -p, --path <path>    Path to ogf file",
      "  -s, --silent         Turn off logging",
      "  -v, --verbose        Turn on verbose logging",
      "      --json           Write the run's JSON report to stdout, moving human output to stderr",
      "      --report <PATH>  Write the run's JSON report to a file",
      "  -h, --help           Print help",
    ],
  },
  "rename-motions": {
    "exitCode": 0,
    "stderr": [],
    "stdout": [
      "Command to rename motions of provided omf file",
      "",
      "Usage: xrf-cli omf rename-motions [OPTIONS] --path <path> --dest <dest> --map <map>",
      "",
      "Options:",
      "  -p, --path <path>    Path to omf file",
      "  -s, --silent         Turn off logging",
      "  -d, --dest <dest>    Path to resulting omf file",
      "  -v, --verbose        Turn on verbose logging",
      "      --json           Write the run's JSON report to stdout, moving human output to stderr",
      "  -m, --map <map>      Path to JSON object mapping existing motion names to new ones",
      "      --report <PATH>  Write the run's JSON report to a file",
      "      --strict         Require every motion in the file to be covered by the map",
      "      --dry-run        Validate the change and report the result without writing any file",
      "  -h, --help           Print help",
    ],
  },
  "repack": {
    "exitCode": 0,
    "stderr": [],
    "stdout": [
      "Command to repack provided omf file or directory of omf files",
      "",
      "Usage: xrf-cli omf repack [OPTIONS] --path <path>",
      "",
      "Options:",
      "  -p, --path <path>    Path to omf file or directory containing omf files",
      "  -s, --silent         Turn off logging",
      "  -d, --dest <dest>    Path to resulting omf file, not applicable when verifying a directory",
      "  -v, --verbose        Turn on verbose logging",
      "      --json           Write the run's JSON report to stdout, moving human output to stderr",
      "      --verify         Verify that repacked bytes match the source file instead of writing output",
      "      --report <PATH>  Write the run's JSON report to a file",
      "  -h, --help           Print help",
    ],
  },
}
`;
