// Jest Snapshot v1, https://jestjs.io/docs/snapshot-testing

exports[`archive extract file from one volume should extract the selected file byte for byte 1`] = `
{
  "exitCode": 0,
  "stderr": [],
  "stdout": [
    "Extracted system.ltx (265 B) in <duration>",
  ],
}
`;

exports[`archive extract file from one volume should write the expected files 1`] = `
[
  {
    "path": "packed/fixture.db",
    "sha256": "bd5e46067436b520a9f801d177a7204c8834e7a60185a8aff4af226d32ae038c",
    "size": 5491,
  },
  {
    "path": "system.ltx",
    "sha256": "b4a4a566d26d645fbb86678c4c16dc9fd8b540b786b191c596801de49ff60da1",
    "size": 265,
  },
]
`;
