// Jest Snapshot v1, https://jestjs.io/docs/snapshot-testing

exports[`omf info report should report every motion, part and bone count of a container 1`] = `
{
  "build": {
    "builtAt": "<build>",
    "commit": "<build>",
    "isDirty": "<build>",
    "kind": "<build>",
    "optimization": "<build>",
    "profile": "<build>",
    "reference": "<build>",
    "runId": "<build>",
    "rustc": "<build>",
    "target": "<build>",
    "version": "<build>",
  },
  "command": [
    "omf",
    "info",
  ],
  "duration": "<duration>",
  "error": null,
  "execution": {
    "origin": "auto",
    "workers": "<workers>",
  },
  "exitCode": 0,
  "outcome": "success",
  "result": {
    "bones": 2,
    "motions": [
      {
        "accrue": 2,
        "falloff": 2,
        "flags": 0,
        "keyframes": 1,
        "labelDiverges": false,
        "name": "idle",
        "power": 1,
        "speed": 1,
      },
    ],
    "parts": [
      {
        "bones": [
          "wpn_body",
          "knife",
        ],
        "name": "default",
      },
    ],
    "version": 4,
  },
}
`;
