// Jest Snapshot v1, https://jestjs.io/docs/snapshot-testing

exports[`ogf command help should keep each leaf command's help stable 1`] = `
{
  "fix": {
    "exitCode": 0,
    "stderr": [],
    "stdout": [
      "Command to rewrite ogf visuals into well-formed bytes, changing nothing the engine reads",
      "",
      "Usage: xrf-cli ogf fix [OPTIONS] --path <path>",
      "",
      "Options:",
      "  -p, --path <path>    Path to an ogf file or a directory to sweep",
      "  -s, --silent         Turn off logging",
      "  -d, --dest <dest>    Path to the resulting ogf file, defaults to in place rewrite of the source file; not for a directory",
      "  -v, --verbose        Turn on verbose logging",
      "      --dry-run        Report what would change and how many bytes would go without writing any file",
      "      --json           Write the run's JSON report to stdout, moving human output to stderr",
      "  -j, --jobs <JOBS>    How much of the machine to use: 'auto', a worker count, or a share such as '50%' [default: auto]",
      "      --report <PATH>  Write the run's JSON report to a file",
      "  -h, --help           Print help",
    ],
  },
  "info": {
    "exitCode": 0,
    "stderr": [],
    "stdout": [
      "Command to print information about provided ogf file",
      "",
      "Usage: xrf-cli ogf info [OPTIONS] --path <path>",
      "",
      "Options:",
      "  -p, --path <path>    Path to ogf file",
      "  -s, --silent         Turn off logging",
      "  -v, --verbose        Turn on verbose logging",
      "      --json           Write the run's JSON report to stdout, moving human output to stderr",
      "      --report <PATH>  Write the run's JSON report to a file",
      "  -h, --help           Print help",
    ],
  },
  "patch-motion-refs": {
    "exitCode": 0,
    "stderr": [],
    "stdout": [
      "Command to rewrite motion refs of provided ogf file",
      "",
      "Usage: xrf-cli ogf patch-motion-refs [OPTIONS] --path <path> --refs <refs>...",
      "",
      "Options:",
      "  -p, --path <path>     Path to ogf file",
      "  -s, --silent          Turn off logging",
      "  -d, --dest <dest>     Path to resulting ogf file, defaults to in place rewrite of the source file",
      "  -v, --verbose         Turn on verbose logging",
      "      --json            Write the run's JSON report to stdout, moving human output to stderr",
      "  -r, --refs <refs>...  Motion refs to store in the ogf file",
      "      --dry-run         Validate the rewrite and report the result without writing any file",
      "      --report <PATH>   Write the run's JSON report to a file",
      "  -h, --help            Print help",
    ],
  },
  "patch-texture-refs": {
    "exitCode": 0,
    "stderr": [],
    "stdout": [
      "Command to rename a texture reference of provided ogf file",
      "",
      "Usage: xrf-cli ogf patch-texture-refs [OPTIONS] --path <path> --from <from> --to <to>",
      "",
      "Options:",
      "  -p, --path <path>    Path to ogf file",
      "  -s, --silent         Turn off logging",
      "  -d, --dest <dest>    Path to resulting ogf file, defaults to in place rewrite of the source file",
      "  -v, --verbose        Turn on verbose logging",
      "      --from <from>    Texture reference to rename, matched exactly",
      "      --json           Write the run's JSON report to stdout, moving human output to stderr",
      "      --report <PATH>  Write the run's JSON report to a file",
      "      --to <to>        Texture reference to write in its place",
      "      --dry-run        Validate the change and report the result without writing any file",
      "  -h, --help           Print help",
    ],
  },
  "verify": {
    "exitCode": 0,
    "stderr": [],
    "stdout": [
      "Command to verify ogf visuals can be packed for rendering",
      "",
      "Usage: xrf-cli ogf verify [OPTIONS] --path <path>",
      "",
      "Options:",
      "  -p, --path <path>    Path to an ogf file or a directory to sweep",
      "  -s, --silent         Turn off logging",
      "      --root <root>    Additional root searched for textures after the visual's own tree, repeatable",
      "  -v, --verbose        Turn on verbose logging",
      "      --json           Write the run's JSON report to stdout, moving human output to stderr",
      "      --report <PATH>  Write the run's JSON report to a file",
      "  -h, --help           Print help",
    ],
  },
}
`;
