// Jest Snapshot v1, https://jestjs.io/docs/snapshot-testing

exports[`spawn command help should keep each leaf command's help stable 1`] = `
{
  "info": {
    "exitCode": 0,
    "stderr": [],
    "stdout": [
      "Command to print information about provided spawn file",
      "",
      "Usage: xrf-cli spawn info [OPTIONS] --path <path>",
      "",
      "Options:",
      "  -p, --path <path>    Path to spawn file",
      "  -s, --silent         Turn off logging",
      "  -v, --verbose        Turn on verbose logging",
      "      --json           Write the run's JSON report to stdout, moving human output to stderr",
      "      --report <PATH>  Write the run's JSON report to a file",
      "  -h, --help           Print help",
    ],
  },
  "pack": {
    "exitCode": 0,
    "stderr": [],
    "stdout": [
      "Command to pack unpacked spawn files into single *.spawn",
      "",
      "Usage: xrf-cli spawn pack [OPTIONS] --path <path>",
      "",
      "Options:",
      "  -p, --path <path>    Path to unpacked spawn file folder",
      "  -s, --silent         Turn off logging",
      "  -d, --dest <dest>    Path to resulting packed *.spawn file [default: unpacked]",
      "  -v, --verbose        Turn on verbose logging",
      "  -f, --force          Whether existing packed spawn should be pruned if destination folder exists",
      "      --json           Write the run's JSON report to stdout, moving human output to stderr",
      "      --report <PATH>  Write the run's JSON report to a file",
      "  -h, --help           Print help",
    ],
  },
  "repack": {
    "exitCode": 0,
    "stderr": [],
    "stdout": [
      "Command to repack provided *.spawn into another file",
      "",
      "Usage: xrf-cli spawn repack [OPTIONS] --path <path> --dest <dest>",
      "",
      "Options:",
      "  -p, --path <path>    Path to *.spawn file",
      "  -s, --silent         Turn off logging",
      "  -d, --dest <dest>    Path to resulting *.spawn file",
      "  -v, --verbose        Turn on verbose logging",
      "      --json           Write the run's JSON report to stdout, moving human output to stderr",
      "      --report <PATH>  Write the run's JSON report to a file",
      "  -h, --help           Print help",
    ],
  },
  "unpack": {
    "exitCode": 0,
    "stderr": [],
    "stdout": [
      "Command to unpack provided *.spawn into separate files",
      "",
      "Usage: xrf-cli spawn unpack [OPTIONS] --path <path>",
      "",
      "Options:",
      "  -p, --path <path>    Path to *.spawn file",
      "  -s, --silent         Turn off logging",
      "  -d, --dest <dest>    Path to folder for exporting [default: unpacked]",
      "  -v, --verbose        Turn on verbose logging",
      "  -f, --force          Whether existing unpacked data should be pruned if destination folder exists",
      "      --json           Write the run's JSON report to stdout, moving human output to stderr",
      "      --report <PATH>  Write the run's JSON report to a file",
      "  -h, --help           Print help",
    ],
  },
  "verify": {
    "exitCode": 0,
    "stderr": [],
    "stdout": [
      "Command to verify provided spawn file",
      "",
      "Usage: xrf-cli spawn verify [OPTIONS] --path <path>",
      "",
      "Options:",
      "  -p, --path <path>    Path to spawn file",
      "  -s, --silent         Turn off logging",
      "  -v, --verbose        Turn on verbose logging",
      "      --json           Write the run's JSON report to stdout, moving human output to stderr",
      "      --report <PATH>  Write the run's JSON report to a file",
      "  -h, --help           Print help",
    ],
  },
}
`;
