// Jest Snapshot v1, https://jestjs.io/docs/snapshot-testing

exports[`translation command help should keep each leaf command's help stable 1`] = `
{
  "build": {
    "exitCode": 0,
    "stderr": [],
    "stdout": [
      "Command to build translation files into gamedata",
      "",
      "Usage: xrf-cli translation build [OPTIONS] --path <path>... --output <output>",
      "",
      "Options:",
      "  -p, --path <path>...       Root holding translation sources, or one source file. Repeat to layer roots, highest priority first",
      "  -s, --silent               Turn off logging",
      "      --source <source>      How to read the path: auto treats it as an installation only when it declares one, directory ignores any declaration, volumes mounts every archive volume beneath it, installation requires one, containing-installation searches parent directories for one [default: containing-installation] [possible values: auto, directory, volumes, installation, containing-installation]",
      "  -v, --verbose              Turn on verbose logging",
      "      --json                 Write the run's JSON report to stdout, moving human output to stderr",
      "      --prefix <prefix>      Limit to one logical subtree, such as translations",
      "  -o, --output <output>      Path to output translation",
      "      --report <PATH>        Write the run's JSON report to a file",
      "  -l, --language <language>  Target language to translate [default: all]",
      "      --no-sort              Preserve source order instead of sorting dynamic translation files",
      "  -h, --help                 Print help",
    ],
  },
  "format": {
    "exitCode": 0,
    "stderr": [],
    "stdout": [
      "Command to normalize json translation sources",
      "",
      "Usage: xrf-cli translation format [OPTIONS] --path <path>...",
      "",
      "Options:",
      "  -p, --path <path>...               Paths to json translation sources or folders holding them",
      "  -s, --silent                       Turn off logging",
      "  -c, --check                        Run formatter in check mode",
      "  -v, --verbose                      Turn on verbose logging",
      "      --json                         Write the run's JSON report to stdout, moving human output to stderr",
      "      --line-endings <line-endings>  Write these line endings instead of preserving each file's own, and judge them in check mode [possible values: lf, crlf]",
      "      --report <PATH>                Write the run's JSON report to a file",
      "  -h, --help                         Print help",
    ],
  },
  "initialize": {
    "exitCode": 0,
    "stderr": [],
    "stdout": [
      "Command to initialize translation files",
      "",
      "Usage: xrf-cli translation initialize [OPTIONS] --path <path>",
      "",
      "Options:",
      "  -p, --path <path>    Path to translation folder",
      "  -s, --silent         Turn off logging",
      "  -v, --verbose        Turn on verbose logging",
      "      --json           Write the run's JSON report to stdout, moving human output to stderr",
      "      --report <PATH>  Write the run's JSON report to a file",
      "  -h, --help           Print help",
    ],
  },
  "parse": {
    "exitCode": 0,
    "stderr": [],
    "stdout": [
      "Command to parse xml translations into json sources",
      "",
      "Usage: xrf-cli translation parse [OPTIONS] --path <path>... --language <language> --output <output>",
      "",
      "Options:",
      "  -p, --path <path>...       Root holding raw xml translations. Repeat to layer roots, highest priority first",
      "  -s, --silent               Turn off logging",
      "      --source <source>      How to read the path: auto treats it as an installation only when it declares one, directory ignores any declaration, volumes mounts every archive volume beneath it, installation requires one, containing-installation searches parent directories for one [default: containing-installation] [possible values: auto, directory, volumes, installation, containing-installation]",
      "  -v, --verbose              Turn on verbose logging",
      "      --json                 Write the run's JSON report to stdout, moving human output to stderr",
      "      --prefix <prefix>      Limit to one logical subtree, such as configs\\text\\eng",
      "  -l, --language <language>  Language every entry read by this run is filed under. Raw xml carries no language, so it is declared rather than guessed",
      "      --report <PATH>        Write the run's JSON report to a file",
      "  -o, --output <output>      Directory the json sources are written to, merging with any already there",
      "      --file <file>          Restrict the run to one string table, by file name",
      "      --overwrite            Replace existing text that differs, instead of keeping what is already there",
      "      --dry-run              Report what would be written without writing it",
      "      --strict               Answer with a check failure when anything was unreadable or off schema",
      "  -h, --help                 Print help",
    ],
  },
  "verify": {
    "exitCode": 0,
    "stderr": [],
    "stdout": [
      "Command to verify translation files integrity",
      "",
      "Usage: xrf-cli translation verify [OPTIONS] --path <path>...",
      "",
      "Options:",
      "  -p, --path <path>...       Root holding translation sources, or one source file. Repeat to layer roots, highest priority first",
      "  -s, --silent               Turn off logging",
      "      --source <source>      How to read the path: auto treats it as an installation only when it declares one, directory ignores any declaration, volumes mounts every archive volume beneath it, installation requires one, containing-installation searches parent directories for one [default: containing-installation] [possible values: auto, directory, volumes, installation, containing-installation]",
      "  -v, --verbose              Turn on verbose logging",
      "      --json                 Write the run's JSON report to stdout, moving human output to stderr",
      "      --prefix <prefix>      Limit to one logical subtree, such as translations",
      "  -l, --language <language>  Target language to translate [default: all]",
      "      --report <PATH>        Write the run's JSON report to a file",
      "      --strict               Fail with non 0 error code if translation are missing",
      "  -h, --help                 Print help",
    ],
  },
}
`;
